
 
Copyright (C) 2002-2022 Cadence Design Systems Inc. All Rights Reserved. 
Cadence and the Cadence logo are registered trademarks and Modus is a trademark 
of Cadence Design Systems, Inc. in the United States and other countries.

Type 'help legal_notices' for third party license notices. 
Version : 22.12-s028_1, built Jul 11 2023 (linux26_64)
Options : -file /home/cinovador/Documents/course_files/physical_synthesis/sequential_ufc_ufcg_ufsm/sequential_dft_atpg/backend/synthesis/scripts/sequential_atpg.tcl
Date    : Thu, March 13 17:13:12 2025
Host    : cinova05.lesc.ufc.br (x86_64 Linux 4.18.0-553.36.1.el8_10.x86_64) (14*13th Gen Intel(R) Core(TM) i5-13500 24576KB)
OS      : Rocky Linux release 8.10 (Green Obsidian)
#@ Processing -files option
@modus:root:/ 1>  source /home/cinovador/Documents/course_files/physical_synthesis/sequential_ufc_ufcg_ufsm/sequential_dft_atpg/backend/synthesis/scripts/sequential_atpg.tcl
#@ Begin verbose source /home/cinovador/Documents/course_files/physical_synthesis/sequential_ufc_ufcg_ufsm/sequential_dft_atpg/backend/synthesis/scripts/sequential_atpg.tcl
@file(/home/cinovador/Documents/course_files/physical_synthesis/sequential_ufc_ufcg_ufsm/sequential_dft_atpg/backend/synthesis/scripts/sequential_atpg.tcl) 8: puts "  "
  
@file(/home/cinovador/Documents/course_files/physical_synthesis/sequential_ufc_ufcg_ufsm/sequential_dft_atpg/backend/synthesis/scripts/sequential_atpg.tcl) 9: puts "  "
  
@file(/home/cinovador/Documents/course_files/physical_synthesis/sequential_ufc_ufcg_ufsm/sequential_dft_atpg/backend/synthesis/scripts/sequential_atpg.tcl) 10: puts "  "
  
@file(/home/cinovador/Documents/course_files/physical_synthesis/sequential_ufc_ufcg_ufsm/sequential_dft_atpg/backend/synthesis/scripts/sequential_atpg.tcl) 11: puts "  "
  
@file(/home/cinovador/Documents/course_files/physical_synthesis/sequential_ufc_ufcg_ufsm/sequential_dft_atpg/backend/synthesis/scripts/sequential_atpg.tcl) 16: set PROJECT_DIR $env(PROJECT_DIR)
@file(/home/cinovador/Documents/course_files/physical_synthesis/sequential_ufc_ufcg_ufsm/sequential_dft_atpg/backend/synthesis/scripts/sequential_atpg.tcl) 17: set TECH_DIR $env(TECH_DIR)
@file(/home/cinovador/Documents/course_files/physical_synthesis/sequential_ufc_ufcg_ufsm/sequential_dft_atpg/backend/synthesis/scripts/sequential_atpg.tcl) 18: set DESIGNS $env(DESIGNS)
@file(/home/cinovador/Documents/course_files/physical_synthesis/sequential_ufc_ufcg_ufsm/sequential_dft_atpg/backend/synthesis/scripts/sequential_atpg.tcl) 19: set HDL_NAME $env(HDL_NAME)
@file(/home/cinovador/Documents/course_files/physical_synthesis/sequential_ufc_ufcg_ufsm/sequential_dft_atpg/backend/synthesis/scripts/sequential_atpg.tcl) 42: set WORST_LIST {slow_vdd1v0_basicCells.lib} 
@file(/home/cinovador/Documents/course_files/physical_synthesis/sequential_ufc_ufcg_ufsm/sequential_dft_atpg/backend/synthesis/scripts/sequential_atpg.tcl) 43: set BEST_LIST {fast_vdd1v2_basicCells.lib} 
@file(/home/cinovador/Documents/course_files/physical_synthesis/sequential_ufc_ufcg_ufsm/sequential_dft_atpg/backend/synthesis/scripts/sequential_atpg.tcl) 44: set LEF_LIST {gsclib045_tech.lef gsclib045_macro.lef}
@file(/home/cinovador/Documents/course_files/physical_synthesis/sequential_ufc_ufcg_ufsm/sequential_dft_atpg/backend/synthesis/scripts/sequential_atpg.tcl) 45: set WORST_CAP_LIST ${TECH_DIR}/gpdk045_v_6_0/soce/gpdk045.basic.CapTbl
@file(/home/cinovador/Documents/course_files/physical_synthesis/sequential_ufc_ufcg_ufsm/sequential_dft_atpg/backend/synthesis/scripts/sequential_atpg.tcl) 46: set QRC_LIST ${TECH_DIR}/gpdk045_v_6_0/qrc/rcworst/qrcTechFile
@file(/home/cinovador/Documents/course_files/physical_synthesis/sequential_ufc_ufcg_ufsm/sequential_dft_atpg/backend/synthesis/scripts/sequential_atpg.tcl) 53: source ${PROJECT_DIR}/backend/synthesis/scripts/common/path.tcl
#@ Begin verbose source /home/cinovador/Documents/course_files/physical_synthesis/sequential_ufc_ufcg_ufsm/sequential_dft_atpg/backend/synthesis/scripts/common/path.tcl
@file(/home/cinovador/Documents/course_files/physical_synthesis/sequential_ufc_ufcg_ufsm/sequential_dft_atpg/backend/synthesis/scripts/common/path.tcl) 5: set BACKEND_DIR ${PROJECT_DIR}/backend
@file(/home/cinovador/Documents/course_files/physical_synthesis/sequential_ufc_ufcg_ufsm/sequential_dft_atpg/backend/synthesis/scripts/common/path.tcl) 6: set SYNT_DIR ${BACKEND_DIR}/synthesis
@file(/home/cinovador/Documents/course_files/physical_synthesis/sequential_ufc_ufcg_ufsm/sequential_dft_atpg/backend/synthesis/scripts/common/path.tcl) 7: set SCRIPT_DIR ${SYNT_DIR}/scripts
@file(/home/cinovador/Documents/course_files/physical_synthesis/sequential_ufc_ufcg_ufsm/sequential_dft_atpg/backend/synthesis/scripts/common/path.tcl) 8: set RPT_DIR ${SYNT_DIR}/reports
@file(/home/cinovador/Documents/course_files/physical_synthesis/sequential_ufc_ufcg_ufsm/sequential_dft_atpg/backend/synthesis/scripts/common/path.tcl) 9: set DEV_DIR ${SYNT_DIR}/deliverables
@file(/home/cinovador/Documents/course_files/physical_synthesis/sequential_ufc_ufcg_ufsm/sequential_dft_atpg/backend/synthesis/scripts/common/path.tcl) 10: set LAYOUT_DIR ${BACKEND_DIR}/layout
@file(/home/cinovador/Documents/course_files/physical_synthesis/sequential_ufc_ufcg_ufsm/sequential_dft_atpg/backend/synthesis/scripts/common/path.tcl) 15: set FRONTEND_DIR ${PROJECT_DIR}/frontend
@file(/home/cinovador/Documents/course_files/physical_synthesis/sequential_ufc_ufcg_ufsm/sequential_dft_atpg/backend/synthesis/scripts/common/path.tcl) 16: set OTHERS ""
@file(/home/cinovador/Documents/course_files/physical_synthesis/sequential_ufc_ufcg_ufsm/sequential_dft_atpg/backend/synthesis/scripts/common/path.tcl) 17: lappend FRONTEND_DIR $OTHERS
@file(/home/cinovador/Documents/course_files/physical_synthesis/sequential_ufc_ufcg_ufsm/sequential_dft_atpg/backend/synthesis/scripts/common/path.tcl) 24: set LIB_DIR ${TECH_DIR}/gsclib045_svt_v4.4/lan/flow/t1u1/reference_libs/GPDK045/gsclib045_svt_v4.4/gsclib045/timing
@file(/home/cinovador/Documents/course_files/physical_synthesis/sequential_ufc_ufcg_ufsm/sequential_dft_atpg/backend/synthesis/scripts/common/path.tcl) 36: set LEF_DIR ${TECH_DIR}/gsclib045_svt_v4.4/lan/flow/t1u1/reference_libs/GPDK045/gsclib045_svt_v4.4/gsclib045/lef
#@ End verbose source /home/cinovador/Documents/course_files/physical_synthesis/sequential_ufc_ufcg_ufsm/sequential_dft_atpg/backend/synthesis/scripts/common/path.tcl
@file(/home/cinovador/Documents/course_files/physical_synthesis/sequential_ufc_ufcg_ufsm/sequential_dft_atpg/backend/synthesis/scripts/sequential_atpg.tcl) 54: puts $LIB_DIR
/home/tools/cadence/gpdk/gsclib045_svt_v4.4/lan/flow/t1u1/reference_libs/GPDK045/gsclib045_svt_v4.4/gsclib045/timing
@file(/home/cinovador/Documents/course_files/physical_synthesis/sequential_ufc_ufcg_ufsm/sequential_dft_atpg/backend/synthesis/scripts/sequential_atpg.tcl) 61: set LIB_SRC ${LIB_DIR}/../verilog/
@file(/home/cinovador/Documents/course_files/physical_synthesis/sequential_ufc_ufcg_ufsm/sequential_dft_atpg/backend/synthesis/scripts/sequential_atpg.tcl) 67: build_model -workdir ${PROJECT_DIR}/backend/synthesis/work \
            -designsource ${PROJECT_DIR}/backend/synthesis/deliverables/${HDL_NAME}.v \
            -techlib ${LIB_SRC}/slow_vdd1v0_basicCells.v -designtop ${HDL_NAME}
Starting Command: build_model 

INFO (TDA-015): Log File: /home/cinovador/Documents/course_files/physical_synthesis/sequential_ufc_ufcg_ufsm/sequential_dft_atpg/backend/synthesis/work/testresults/logs/log_build_model_031325171312-919798000 [end TDA_015]

INFO (TEI-195): Build Model - Controller starting: [end TEI_195] 


Search Order  1:  "/home/cinovador/Documents/course_files/physical_synthesis/sequential_ufc_ufcg_ufsm/sequential_dft_atpg/backend/synthesis/deliverables/sequential.v"
Search Order  2:  "/home/tools/cadence/gpdk/gsclib045_svt_v4.4/lan/flow/t1u1/reference_libs/GPDK045/gsclib045_svt_v4.4/gsclib045/timing/../verilog//slow_vdd1v0_basicCells.v"



Reading Verilog data from /home/cinovador/Documents/course_files/physical_synthesis/sequential_ufc_ufcg_ufsm/sequential_dft_atpg/backend/synthesis/deliverables/sequential.v

Verilog Parser complete - 1 modules, 0 gates, 0 user defined primitives.


Reading Verilog data from /home/tools/cadence/gpdk/gsclib045_svt_v4.4/lan/flow/t1u1/reference_libs/GPDK045/gsclib045_svt_v4.4/gsclib045/timing/../verilog//slow_vdd1v0_basicCells.v

Verilog Parser complete - 489 modules, 1844 gates, 14 user defined primitives.



INFO (TEI-196): Build Model - Hierarchical Model Build starting: [end TEI_196] 

WARNING (TEI-110): Pin 'P01DATA' of 'cell LATCH_udp_2' has no external net connection for any usage in the design. Cell contents file: '/home/tools/cadence/gpdk/gsclib045_svt_v4.4/lan/flow/t1u1/reference_libs/GPDK045/gsclib045_svt_v4.4/gsclib045/timing/../verilog//slow_vdd1v0_basicCells.v'.  [end TEI_110] 
WARNING (TEI-110): Pin 'v' of 'cell altos_dff' has no external net connection for any usage in the design. Cell contents file: '/home/tools/cadence/gpdk/gsclib045_svt_v4.4/lan/flow/t1u1/reference_libs/GPDK045/gsclib045_svt_v4.4/gsclib045/verilog/slow_vdd1v0_basicCells.v'.  [end TEI_110] 


Number of blocks in the hierarchical model is: 70.

Number of technology library cell instances in the hierarchical model is: 10.


INFO (TEI-197): Build Model - Hierarchical Model Build completed. [end TEI_197] 



INFO (TEI-198): Build Model - Flat Model Build starting: [end TEI_198] 

 defaultTIE = X
 defaultDFN = T


INFO (TLM-055): Design Summary
                --------------

Hierarchical Model:                  Flattened Model:
             70  Blocks                          52  Blocks
            203  Pins                            52  Nodes
            128  Nets

Primary Inputs:                      Primary Outputs:
          7  Input Only                         3  Output Only
          0  Input/Output                       0  Input/Output
          7  Total Inputs                       3  Total Outputs

Tied Nets:                           Dotted Nets:
          0  Tied to 0                          0  Two-State
          0  Tied to 1                          0  Three-State
          0  Tied to X                          0  Total Dotted Nets
          0  Total Tied Nets

Selected Primitive Functions:
          0  Clock Chopper (CHOP) primitives 
          0  RAMs
          0  ROMs
          0  TSDs
          0  Resistors
          0  Transistors
          0  Latches


          2  Rising  Edge Flop
          2  Total Flops

         10  Technology Library Cell Instances

[end TLM_055] 
Optimization removed logic for 2 of 13 cells in this design.

Optimization removed a total of 0 tied Latch Ports.
Optimization removed a total of 0 non-controlling inputs.
Optimization removed a total of 14 dangling logic nodes.



INFO (TEI-199): Build Model - Flat Model Build completed.  [end TEI_199] 


INFO (TDA-001): Maximum Memory used during the run and Cumulative Time in hours:minutes:seconds:

                  Total Memory =          101,855,520  bytes

                      CPU Time =    0:00:00.25
                  Elapsed Time =    0:00:00.62                    [end TDA_001]



INFO (TEI-200): Build Model - Controller completed. [end TEI_200] 




-------------------------------------------------------------------------------
*                      Message Summary                                        *
-------------------------------------------------------------------------------
 Count  Number             First Instance of Message Text
------- ------             ------------------------------

  INFO Messages...
      1 INFO (TEI-195): Build Model - Controller starting:  
      1 INFO (TEI-196): Build Model - Hierarchical Model Build starting:  
      1 INFO (TEI-197): Build Model - Hierarchical Model Build completed.  
      1 INFO (TEI-198): Build Model - Flat Model Build starting:  
      1 INFO (TEI-199): Build Model - Flat Model Build completed.   
      1 INFO (TEI-200): Build Model - Controller completed.  
      1 INFO (TLM-055): Design Summary

  WARNING Messages...
      2 WARNING (TEI-110): Pin 'P01DATA' of 'cell LATCH_udp_2' has no external net connection for any usage in the design. Cell contents file: '/home/tools/cadence/gpdk/gsclib045_svt_v4.4/lan/flow/t1u1/reference_libs/GPDK045/gsclib045_svt_v4.4/gsclib045/timing/../verilog//slow_vdd1v0_basicCells.v'.   

 For a detailed explanation of a message and a suggested user response execute 'msgHelp <message id>'.  For example: msgHelp TDA-009

-------------------------------------------------------------------------------
#@ End verbose source /home/cinovador/Documents/course_files/physical_synthesis/sequential_ufc_ufcg_ufsm/sequential_dft_atpg/backend/synthesis/scripts/sequential_atpg.tcl
2
