xrun(64): 24.09-s001: (c) Copyright 1995-2024 Cadence Design Systems, Inc.
TOOL:	xrun(64)	24.09-s001: Started on Mar 18, 2025 at 15:38:45 -03
irun
	-access +r
	-uvm
	+uvm_set_config_int=*,recording_detail,1
	-coverage all
	-covoverwrite
	-DSYSTEM_CLOCK_UNITS_PER_SECOND=100 ../bvm/system_clock.c
	+incdir+../bvm
	../bvm/bvm_pkg.sv
	dut.sv
	interface.sv
	test_pkg.sv
	top.sv
	+UVM_VERBOSITY=LOW

   User defined plus("+") options:
	+uvm_set_config_int=*,recording_detail,1
	+UVM_VERBOSITY=LOW

xrun: *W,NCEXDEP: Executable (irun) is deprecated. Use (xrun) instead.
file: ../bvm/bvm_pkg.sv
	package worklib.bvm_pkg:sv
		errors: 0, warnings: 0
file: dut.sv
	module worklib.dut:sv
		errors: 0, warnings: 0
file: interface.sv
	interface worklib.a_if:sv
		errors: 0, warnings: 0
file: test_pkg.sv
package test_pkg;
               |
xmvlog: *W,TSNSPK (test_pkg.sv,4|15): `timescale is not specified for the package.  The default timescale of 1ns/1ns will be assumed for this package.
	package worklib.test_pkg:sv
		errors: 0, warnings: 1
file: top.sv
      `ifdef INCA
                |
xmvlog: *W,SRCDEPR (top.sv,27|16): Indicated Source (INCA) is deprecated. Use (XCELIUM) instead.
	module worklib.top:sv
		errors: 0, warnings: 1
xmsc_run: *N,TBDEP: Test will be regenerated due to changes in the
          command line.
$CDSROOT = /home/tools/cadence/installs/XCELIUM2209
$TESTDIR = /home/cinovador/Documents/course_files/uvm_classes/lab_05/lab_05_all

TOOL:	xmsc(64)	24.09-s001
xmsc cc parameters: 
	$CDSROOT/tools/cdsgcc/gcc/9.3/bin/gcc
	-DSYSTEM_CLOCK_UNITS_PER_SECOND=100
	-I$CDSROOT/tools/include
	-I$CDSROOT/tools/inca/include
	-I$CDSROOT/tools/methodology/UVM/CDNS-1.1d/sc/sc
	-I$CDSROOT/tools/methodology/UVM/CDNS-1.1d/ml/sc
	-pipe 
	-DXMSC
	-DNCSC
	-fPIC
	-D_GLIBCXX_USE_CXX11_ABI=1 -c
	-x c  -Wall

xmsc: compiling $TESTDIR/../bvm/system_clock.c


building library run.so

		Caching library 'worklib' ....... Done
	Elaborating the design hierarchy:
	Top level design units:
		uvm_pkg
		cdns_uvmapi
		cdns_assert2uvm_pkg
		cdns_uvm_pkg
		bvm_pkg
		test_pkg
		top

	Extracting FSMs for coverage:
		worklib.dut
		worklib.top
	Total FSMs extracted = 0
	Building instance overlay tables: .................... Done
	Enabling instrumentation for coverage types: block expression FSM toggle functional
xmelab: *W,COVDCL: By default expression coverage is scored only for Verilog logical operators (|| and &&) and VHDL logical operators (OR, AND, NOR, and NAND), and is scored only in condition expressions. To score coverage for other operators and for expressions in other statements, use the "set_expr_coverable_operators" and "set_expr_coverable_statements" coverage configuration file commands with suitable options at elaboration.
	Generating native compiled code:
		worklib.dut:sv <0x62aa0392>
			streams:   4, words:  1828
		worklib.top:sv <0x5f2fe123>
			streams: 730, words: 763120
		worklib.bvm_pkg:sv <0x24825cb6>
			streams:   0, words:     0
	Building instance specific data structures.
xmelab: *W,CGPIDF: Covergroup "per_instance" option , by default, is set as 0.
xmelab: *N,COVCGN: Coverage configuration file command "set_covergroup -new_instance_reporting" can be specified to improve the scoping and naming of covergroup instances. It may be noted that subsequent merging of a coverage database saved with this command and a coverage database saved without this command is not allowed.
	Loading native compiled code:     .................... Done
	Design hierarchy summary:
		                        Instances  Unique
		Modules:                        2       2
		Interfaces:                     2       1
		Verilog packages:               6       6
		Registers:                 14,135  10,246
		Scalar wires:                   4       -
		Named events:                   4      12
		Always blocks:                  1       1
		Initial blocks:               294     159
		Parallel blocks:               27      28
		Pseudo assignments:             2       -
		Assertions:                     6       6
		Covergroup Instances:           0       1
		SV Class declarations:        206     316
		SV Class specializations:     393     393
		Process Clocks:                 1       1
	Writing initial simulation snapshot: worklib.top:sv
Loading snapshot worklib.top:sv .................... Done
SVSEED default: 1
xcelium> source /home/tools/cadence/installs/XCELIUM2209/tools/xcelium/files/xmsimrc
xcelium> source /home/tools/cadence/installs/XCELIUM2209/tools/methodology/UVM/CDNS-1.1d/additions/sv/files/tcl/uvm_sim.tcl
xcelium> run
----------------------------------------------------------------
CDNS-UVM-1.1d (24.09-s001)
(C) 2007-2013 Mentor Graphics Corporation
(C) 2007-2013 Cadence Design Systems, Inc.
(C) 2006-2013 Synopsys, Inc.
(C) 2011-2013 Cypress Semiconductor Corp.
----------------------------------------------------------------

  ***********       IMPORTANT RELEASE NOTES         ************

  You are using a version of the UVM library that has been compiled
  with `UVM_NO_DEPRECATED undefined.
  See http://www.eda.org/svdb/view.php?id=3313 for more details.

  You are using a version of the UVM library that has been compiled
  with `UVM_OBJECT_MUST_HAVE_CONSTRUCTOR undefined.
  See http://www.eda.org/svdb/view.php?id=3770 for more details.

      (Specify +UVM_NO_RELNOTES to turn off this notice)

UVM_INFO @ 0: reporter [RNTST] Running test test...
UVM_INFO @ 0: reporter [UVM_CMDLINE_PROC] Applying config setting from the command line: +uvm_set_config_int=*,recording_detail,1
SDI/Verilog Transaction Recording Facility Version 24.09-s001
UVM_INFO ../bvm/bvm_cover.svh(60) @ 35: uvm_test_top.env_h.coverage_in_h [coverage_in] Coverage:  0%       
UVM_INFO ../bvm/bvm_cover.svh(60) @ 95: uvm_test_top.env_h.coverage_in_h [coverage_in] Coverage:  0% steady
UVM_INFO ../bvm/bvm_cover.svh(60) @ 1145: uvm_test_top.env_h.coverage_in_h [coverage_in] Coverage: 100%       
UVM_INFO /home/tools/cadence/installs/XCELIUM2209/tools/methodology/UVM/CDNS-1.1d/sv/src/base/uvm_objection.svh(1268) @ 1145: reporter [TEST_DONE] 'run' phase is ready to proceed to the 'extract' phase
UVM_INFO ../bvm/bvm_cover.svh(82) @ 1145: uvm_test_top.env_h.coverage_in_h [coverage_in] Coverage: 100%

--- UVM Report catcher Summary ---


Number of demoted UVM_FATAL reports  :    0
Number of demoted UVM_ERROR reports  :    0
Number of demoted UVM_WARNING reports:    0
Number of caught UVM_FATAL reports   :    0
Number of caught UVM_ERROR reports   :    0
Number of caught UVM_WARNING reports :    0

--- UVM Report Summary ---

** Report counts by severity
UVM_INFO :    7
UVM_WARNING :    0
UVM_ERROR :    0
UVM_FATAL :    0
** Report counts by id
[RNTST]     1
[TEST_DONE]     1
[UVM_CMDLINE_PROC]     1
[coverage_in]     4
Simulation complete via $finish(1) at time 1145 NS + 45
/home/tools/cadence/installs/XCELIUM2209/tools/methodology/UVM/CDNS-1.1d/sv/src/base/uvm_root.svh:457     $finish;
xcelium> exit
xmsim: *N,COVCGN: Coverage configuration file command "set_covergroup -new_instance_reporting" can be specified to improve the scoping and naming of covergroup instances. It may be noted that subsequent merging of a coverage database saved with this command and a coverage database saved without this command is not allowed.

coverage setup:
  workdir  :  ./cov_work
  dutinst  :  top(top)
  scope    :  scope
  testname :  test

coverage files:
  model(design data) :  ./cov_work/scope/icc_084d708d_79f8523e.ucm (reused)
  data               :  ./cov_work/scope/test/icc_084d708d_79f8523e.ucd
TOOL:	xrun(64)	24.09-s001: Exiting on Mar 18, 2025 at 15:39:30 -03  (total: 00:00:45)
