
Power Net Detected:
        Voltage	    Name
             0V	    VSS
          1.32V	    VDD
Using Power View: analysis_normal_fast_min.
AAE_INFO: opIsDesignInPostRouteState() is 1
AAE_INFO: resetNetProps viewIdx 1 
Starting SI iteration 1 using Infinite Timing Windows
#################################################################################
# Design Stage: PostRoute
# Design Name: multiplier32FP
# Design Mode: 45nm
# Analysis Mode: MMMC OCV 
# Parasitics Mode: SPEF/RCDB 
# Signoff Settings: SI On 
#################################################################################
AAE_INFO: 1 threads acquired from CTE.
Start delay calculation (fullDC) (1 T). (MEM=2316.21)
Total number of fetched objects 1842
AAE_INFO: Total number of nets for which stage creation was skipped for all views 0
AAE_INFO-618: Total number of nets in the design is 1869,  100.0 percent of the nets selected for SI analysis
End delay calculation. (MEM=2316.21 CPU=0:00:00.2 REAL=0:00:00.0)
End delay calculation (fullDC). (MEM=2316.21 CPU=0:00:00.2 REAL=0:00:00.0)
Loading CTE timing window with TwFlowType 0...(CPU = 0:00:00.0, REAL = 0:00:00.0, MEM = 2316.2M)
Add other clocks and setupCteToAAEClockMapping during iter 1
Loading CTE timing window is completed (CPU = 0:00:00.0, REAL = 0:00:00.0, MEM = 2316.2M)
Starting SI iteration 2
Start delay calculation (fullDC) (1 T). (MEM=2273.33)
Glitch Analysis: View analysis_normal_fast_min -- Total Number of Nets Skipped = 2. 
Glitch Analysis: View analysis_normal_fast_min -- Total Number of Nets Analyzed = 1842. 
Total number of fetched objects 1842
AAE_INFO: Total number of nets for which stage creation was skipped for all views 0
AAE_INFO-618: Total number of nets in the design is 1869,  0.1 percent of the nets selected for SI analysis
End delay calculation. (MEM=2318.03 CPU=0:00:00.0 REAL=0:00:00.0)
End delay calculation (fullDC). (MEM=2318.03 CPU=0:00:00.0 REAL=0:00:00.0)
Load RC corner of view analysis_normal_fast_min

Begin Power Analysis

             0V	    VSS
          1.32V	    VDD

Begin Processing Timing Library for Power Calculation

Begin Processing Timing Library for Power Calculation



Begin Processing Power Net/Grid for Power Calculation

Ended Processing Power Net/Grid for Power Calculation: (cpu=0:00:00, real=0:00:00, mem(process/total/peak)=1935.01MB/3855.12MB/1935.01MB)

Begin Processing Timing Window Data for Power Calculation

clk(100MHz) CK: assigning clock clk to net clk
Ended Processing Timing Window Data for Power Calculation: (cpu=0:00:00, real=0:00:00, mem(process/total/peak)=1935.01MB/3855.12MB/1935.01MB)

Begin Processing User Attributes

Ended Processing User Attributes: (cpu=0:00:00, real=0:00:00, mem(process/total/peak)=1935.01MB/3855.12MB/1935.01MB)

Begin Processing Signal Activity


Starting Levelizing
2025-Feb-27 19:18:16 (2025-Feb-27 22:18:16 GMT)
2025-Feb-27 19:18:16 (2025-Feb-27 22:18:16 GMT): 10%
2025-Feb-27 19:18:16 (2025-Feb-27 22:18:16 GMT): 20%
2025-Feb-27 19:18:16 (2025-Feb-27 22:18:16 GMT): 30%
2025-Feb-27 19:18:16 (2025-Feb-27 22:18:16 GMT): 40%
2025-Feb-27 19:18:16 (2025-Feb-27 22:18:16 GMT): 50%
2025-Feb-27 19:18:16 (2025-Feb-27 22:18:16 GMT): 60%
2025-Feb-27 19:18:16 (2025-Feb-27 22:18:16 GMT): 70%
2025-Feb-27 19:18:16 (2025-Feb-27 22:18:16 GMT): 80%
2025-Feb-27 19:18:16 (2025-Feb-27 22:18:16 GMT): 90%

Finished Levelizing
2025-Feb-27 19:18:16 (2025-Feb-27 22:18:16 GMT)

Starting Activity Propagation
2025-Feb-27 19:18:16 (2025-Feb-27 22:18:16 GMT)
** INFO:  (VOLTUS_POWR-1356): No default input activity has been set. Defaulting to 0.2.
Use 'set_default_switching_activity -input_activity' command to change the default activity value.

2025-Feb-27 19:18:16 (2025-Feb-27 22:18:16 GMT): 10%
2025-Feb-27 19:18:16 (2025-Feb-27 22:18:16 GMT): 20%
2025-Feb-27 19:18:16 (2025-Feb-27 22:18:16 GMT): 30%

Finished Activity Propagation
2025-Feb-27 19:18:16 (2025-Feb-27 22:18:16 GMT)
Ended Processing Signal Activity: (cpu=0:00:00, real=0:00:00, mem(process/total/peak)=1935.01MB/3855.12MB/1935.01MB)

Begin Power Computation

      ----------------------------------------------------------
      # of cell(s) missing both power/leakage table: 0
      # of cell(s) missing power table: 0
      # of cell(s) missing leakage table: 0
      ----------------------------------------------------------



Starting Calculating power
2025-Feb-27 19:18:16 (2025-Feb-27 22:18:16 GMT)
 ... Calculating switching power
2025-Feb-27 19:18:16 (2025-Feb-27 22:18:16 GMT): 10%
2025-Feb-27 19:18:16 (2025-Feb-27 22:18:16 GMT): 20%
2025-Feb-27 19:18:16 (2025-Feb-27 22:18:16 GMT): 30%
2025-Feb-27 19:18:16 (2025-Feb-27 22:18:16 GMT): 40%
2025-Feb-27 19:18:16 (2025-Feb-27 22:18:16 GMT): 50%
 ... Calculating internal and leakage power
2025-Feb-27 19:18:16 (2025-Feb-27 22:18:16 GMT): 60%
2025-Feb-27 19:18:16 (2025-Feb-27 22:18:16 GMT): 70%
2025-Feb-27 19:18:16 (2025-Feb-27 22:18:16 GMT): 80%
2025-Feb-27 19:18:16 (2025-Feb-27 22:18:16 GMT): 90%

Finished Calculating power
2025-Feb-27 19:18:16 (2025-Feb-27 22:18:16 GMT)
      # of MSMV cell(s) missing power_level: 0
Ended Power Computation: (cpu=0:00:00, real=0:00:00, mem(process/total/peak)=1936.71MB/3863.13MB/1936.71MB)

Begin Processing User Attributes

Ended Processing User Attributes: (cpu=0:00:00, real=0:00:00, mem(process/total/peak)=1936.71MB/3863.13MB/1936.71MB)

Ended Power Analysis: (cpu=0:00:00, real=0:00:00, mem(process/total/peak)=1936.71MB/3863.13MB/1936.71MB)

Begin Boundary Leakage Calculation
Ended Boundary Leakage Calculation: (cpu=0:00:00, real=0:00:00,
mem(process/total/peak)=1936.71MB/3863.13MB/1936.71MB)
Begin Static Power Report Generation
*----------------------------------------------------------------------------------------
*	Innovus 21.15-s110_1 (64bit) 09/23/2022 13:08 (Linux 3.10.0-693.el7.x86_64)
*	
*
* 	Date & Time:	2025-Feb-27 19:18:16 (2025-Feb-27 22:18:16 GMT)
*
*----------------------------------------------------------------------------------------
*
*	Design: multiplier32FP
*
*	Liberty Libraries used:
*	        analysis_normal_fast_min: /home/tools/cadence/gpdk/gsclib045_svt_v4.4/lan/flow/t1u1/reference_libs/GPDK045/gsclib045_svt_v4.4/gsclib045/timing/fast_vdd1v2_basicCells.lib
*
*	Parasitic Files used:
*
*       Power View : analysis_normal_fast_min
*
*       User-Defined Activity : N.A.
*
*       Activity File: N.A.
*
*       Hierarchical Global Activity: N.A.
*
*       Global Activity: N.A.
*
*       Sequential Element Activity: 0.200000
*
*       Primary Input Activity: 0.200000
*
*       Default icg ratio: N.A.
*
*       Global Comb ClockGate Ratio: N.A.
*
*	Power Units = 1uW
*
*	Time Units = 1e-09 secs
*
*       report_power
*
-----------------------------------------------------------------------------------------
*



Total Power
-----------------------------------------------------------------------------------------
Total Internal Power:      178.31606308 	   54.0646%
Total Switching Power:     150.94863685 	   45.7669%
Total Leakage Power:         0.55548759 	    0.1684%
Total Power:               329.82018752
-----------------------------------------------------------------------------------------


Group                           Internal   Switching     Leakage       Total  Percentage 
                                Power      Power         Power         Power  (%)        
-----------------------------------------------------------------------------------------
Sequential                         32.45       1.379     0.04988   3.388e+04       10.27
Macro                                  0           0           0           0           0
IO                                     0           0           0           0           0
Combinational                      145.9       149.6      0.5056   2.959e+05       89.73
Clock (Combinational)                  0           0           0           0           0
Clock (Sequential)                     0           0           0           0           0
-----------------------------------------------------------------------------------------
Total                          1.783e+05   1.509e+05       555.5   3.298e+05       1e+05
-----------------------------------------------------------------------------------------


Rail                  Voltage   Internal   Switching     Leakage       Total  Percentage 
                                Power      Power         Power         Power  (%)        
-----------------------------------------------------------------------------------------
VDD                      1.32  1.783e+05   1.509e+05       555.5   3.298e+05       1e+05
 
 
-----------------------------------------------------------------------------------------
*	Power Distribution Summary: 
*              Highest Average Power:    mul_97_52_g14678__2883 (ADDFX1):            2.073
*              Highest Leakage Power:               g5127__5115 (OR4X6):        0.0009698
*                Total Cap:      5.51615e-12 F
*                Total instances in design:  1428
*                Total instances in design with no power:     0
*                Total instances in design with no activty:     0

*                Total Fillers and Decap:     0
-----------------------------------------------------------------------------------------
 
** INFO:  (VOLTUS_POWR-3465): There are 0 decaps and 0 fillers in the design

Ended Static Power Report Generation: (cpu=0:00:00, real=0:00:00,
mem(process/total/peak)=1937.89MB/3863.13MB/1937.89MB)

