============================================================
  Generated by:           Genus(TM) Synthesis Solution 21.10-p002_1
  Generated on:           Mar 26 2025  12:36:28 pm
  Module:                 multiplier32FP
  Operating conditions:   PVT_0P9V_125C 
  Operating conditions:   PVT_1P32V_0C 
  Interconnect mode:      global
  Area mode:              physical library
============================================================


Path 1: MET (47308 ps) Setup Check with Pin product_o_reg[1]/CK->D
          Group: clk
     Startpoint: (R) product_o_reg[1]/CK
          Clock: (R) clk
       Endpoint: (R) product_o_reg[1]/D
          Clock: (R) clk

                     Capture       Launch     
        Clock Edge:+   50000            0     
       Src Latency:+       0            0     
       Net Latency:+     105 (I)      105 (I) 
           Arrival:=   50105          105     
                                              
             Setup:-     260                  
       Uncertainty:-      44                  
     Required Time:=   49801                  
      Launch Clock:-     105                  
         Data Path:-    2389                  
             Slack:=   47308                  

#--------------------------------------------------------------------------------------------
#    Timing Point     Flags   Arc   Edge   Cell     Fanout Load Trans Delay Arrival Instance 
#                                                          (fF)  (ps)  (ps)   (ps)  Location 
#--------------------------------------------------------------------------------------------
  product_o_reg[1]/CK <<<     -     R     (arrival)     40    -     0     0     105    (-,-) 
  product_o_reg[1]/Q  -       CK->Q F     SDFFRHQX1      2  5.4   146   271     376    (-,-) 
  g5694/Y             -       A->Y  F     BUFX6          3 51.4   243   243     619    (-,-) 
  g5556__5526/Y       -       C->Y  F     OR4X1          2  4.8   154   402    1021    (-,-) 
  g5552__5107/Y       -       A1->Y F     OA21X1         2  5.0   143   240    1260    (-,-) 
  g5522__1705/Y       -       A2->Y R     OAI31X1        1  3.1   278   248    1508    (-,-) 
  g5520__1617/Y       -       B->Y  R     AND2X1         1  3.7    93   294    1802    (-,-) 
  g5518__3680/Y       -       A->Y  R     OR3X8         32 59.8   175   222    2024    (-,-) 
  g5510__5477/Y       -       A0->Y F     AOI22X1        1  3.2   261   272    2296    (-,-) 
  g5477__2883/Y       -       B->Y  R     NAND2X1        1  3.3   128   198    2494    (-,-) 
  product_o_reg[1]/D  <<<     -     R     SDFFRHQX1      1    -     -     0    2494    (-,-) 
#--------------------------------------------------------------------------------------------

