============================================================
  Generated by:           Genus(TM) Synthesis Solution 21.10-p002_1
  Generated on:           Mar 26 2025  12:36:28 pm
  Module:                 multiplier32FP
  Operating conditions:   PVT_0P9V_125C 
  Operating conditions:   PVT_1P32V_0C 
  Interconnect mode:      global
  Area mode:              physical library
============================================================

Timing
--------

Clock  Period 
--------------
clk   50000.0 


  Cost    Critical         Violating 
 Group   Path Slack  TNS     Paths   
-------------------------------------
clk         45575.2   0.0          0 
default    No paths   0.0            
-------------------------------------
Total                 0.0          0 

Instance Count
--------------
Leaf Instance Count             1333 
Physical Instance count            0 
Sequential Instance Count         73 
Combinational Instance Count    1260 
Hierarchical Instance Count        0 

Area
----
Cell Area                          4095.108
Physical Cell Area                 0.000
Total Cell Area (Cell+Physical)    4095.108
Net Area                           1987.578
Total Area (Cell+Physical+Net)     6082.686

Max Fanout                         40 (clk)
Min Fanout                         1 (a_i[23])
Average Fanout                     2.2
Terms to net ratio                 3.1838
Terms to instance ratio            4.0938
Runtime                            32.97992200000001 seconds
Elapsed Runtime                    38 seconds
Genus peak memory usage            1705.52 
Innovus peak memory usage          no_value 
Hostname                           cinova05.lesc.ufc.br
