xrun: 23.09-s001: (c) Copyright 1995-2023 Cadence Design Systems, Inc.
TOOL:	xrun	23.09-s001: Started on Mar 30, 2025 at 16:34:59 EDT
xrun
	-Q
	-unbuffered
	-timescale 1ns/1ns
	-sysv
	-access +rw
	-uvmnocdnsextra
	-uvmhome /xcelium23.09/tools//methodology/UVM/CDNS-1.2/sv
	/xcelium23.09/tools//methodology/UVM/CDNS-1.2/sv/src/uvm_macros.svh
	design.sv
	testbench.sv
    reset_pkt.randomize() with {reset==1;};
                      |
xmvlog: *W,FUNTSK (sequence.sv,26|22): function called as a task without void'().
    item.randomize() with {reset==0;};
                 |
xmvlog: *W,FUNTSK (sequence.sv,58|17): function called as a task without void'().
	Top level design units:
		uvm_pkg
		$unit_0x67f934e9
		top
Loading snapshot worklib.top:sv .................... Done
SVSEED default: 1
xcelium> source /xcelium23.09/tools/xcelium/files/xmsimrc
xcelium> source /xcelium23.09/tools//methodology/UVM/CDNS-1.2/sv/files/tcl/uvm_sim.tcl
xcelium> run
UVM_INFO /xcelium23.09/tools/methodology/UVM/CDNS-1.2/sv/src/base/uvm_root.svh(412) @ 0: reporter [UVM/RELNOTES] 
----------------------------------------------------------------
CDNS-UVM-1.2 (23.09-s001)
(C) 2007-2014 Mentor Graphics Corporation
(C) 2007-2014 Cadence Design Systems, Inc.
(C) 2006-2014 Synopsys, Inc.
(C) 2011-2013 Cypress Semiconductor Corp.
(C) 2013-2014 NVIDIA Corporation
----------------------------------------------------------------

  ***********       IMPORTANT RELEASE NOTES         ************

  You are using a version of the UVM library that has been compiled
  with `UVM_NO_DEPRECATED undefined.
  See http://www.eda.org/svdb/view.php?id=3313 for more details.

  You are using a version of the UVM library that has been compiled
  with `UVM_OBJECT_DO_NOT_NEED_CONSTRUCTOR undefined.
  See http://www.eda.org/svdb/view.php?id=3770 for more details.

      (Specify +UVM_NO_RELNOTES to turn off this notice)

UVM_INFO @ 0: reporter [RNTST] Running test alu_test...
xmsim: *W,PRPASZ: Packed array at "worklib.uvm_pkg::uvm_string_to_bits.uvm_string_to_bits" of 115200 bits exceeds limit of 4096 - not probed
 Use 'probe -create -packed 115200 worklib.uvm_pkg::uvm_string_to_bits.uvm_string_to_bits' or 'setenv SHM_PACKED_LIMIT 115200' to adjust limit.
xmsim: *W,PRPASZ: Packed array at "worklib.uvm_pkg::uvm_bits_to_string.str" of 115200 bits exceeds limit of 4096 - not probed
 Use 'probe -create -packed 115200 worklib.uvm_pkg::uvm_bits_to_string.str' or 'setenv SHM_PACKED_LIMIT 115200' to adjust limit.
UVM_INFO scoreboard.sv(105) @ 25: uvm_test_top.env.scb [COMPARE] Transaction Passed! ACT= 23, EXP= 23
UVM_INFO scoreboard.sv(105) @ 33: uvm_test_top.env.scb [COMPARE] Transaction Passed! ACT= 23, EXP= 23
UVM_INFO scoreboard.sv(105) @ 41: uvm_test_top.env.scb [COMPARE] Transaction Passed! ACT= 15, EXP= 15
UVM_INFO scoreboard.sv(105) @ 49: uvm_test_top.env.scb [COMPARE] Transaction Passed! ACT=  2, EXP=  2
UVM_INFO scoreboard.sv(105) @ 57: uvm_test_top.env.scb [COMPARE] Transaction Passed! ACT=  2, EXP=  2
UVM_INFO scoreboard.sv(105) @ 65: uvm_test_top.env.scb [COMPARE] Transaction Passed! ACT= 90, EXP= 90
UVM_INFO scoreboard.sv(105) @ 73: uvm_test_top.env.scb [COMPARE] Transaction Passed! ACT= 19, EXP= 19
UVM_INFO scoreboard.sv(105) @ 81: uvm_test_top.env.scb [COMPARE] Transaction Passed! ACT= 19, EXP= 19
UVM_INFO scoreboard.sv(105) @ 89: uvm_test_top.env.scb [COMPARE] Transaction Passed! ACT= 15, EXP= 15
UVM_INFO scoreboard.sv(105) @ 97: uvm_test_top.env.scb [COMPARE] Transaction Passed! ACT=  7, EXP=  7
UVM_INFO scoreboard.sv(105) @ 105: uvm_test_top.env.scb [COMPARE] Transaction Passed! ACT=  7, EXP=  7
UVM_INFO scoreboard.sv(105) @ 113: uvm_test_top.env.scb [COMPARE] Transaction Passed! ACT=108, EXP=108
UVM_INFO scoreboard.sv(105) @ 121: uvm_test_top.env.scb [COMPARE] Transaction Passed! ACT=112, EXP=112
UVM_INFO scoreboard.sv(105) @ 129: uvm_test_top.env.scb [COMPARE] Transaction Passed! ACT=112, EXP=112
UVM_INFO scoreboard.sv(105) @ 137: uvm_test_top.env.scb [COMPARE] Transaction Passed! ACT=  1, EXP=  1
UVM_INFO scoreboard.sv(105) @ 145: uvm_test_top.env.scb [COMPARE] Transaction Passed! ACT=  1, EXP=  1
UVM_INFO scoreboard.sv(105) @ 153: uvm_test_top.env.scb [COMPARE] Transaction Passed! ACT=  1, EXP=  1
UVM_INFO scoreboard.sv(105) @ 161: uvm_test_top.env.scb [COMPARE] Transaction Passed! ACT= 40, EXP= 40
UVM_INFO scoreboard.sv(105) @ 169: uvm_test_top.env.scb [COMPARE] Transaction Passed! ACT= 77, EXP= 77
UVM_INFO scoreboard.sv(105) @ 177: uvm_test_top.env.scb [COMPARE] Transaction Passed! ACT= 77, EXP= 77
UVM_INFO scoreboard.sv(105) @ 185: uvm_test_top.env.scb [COMPARE] Transaction Passed! ACT=162, EXP=162
UVM_INFO scoreboard.sv(105) @ 193: uvm_test_top.env.scb [COMPARE] Transaction Passed! ACT= 17, EXP= 17
UVM_INFO scoreboard.sv(105) @ 201: uvm_test_top.env.scb [COMPARE] Transaction Passed! ACT= 17, EXP= 17
UVM_INFO scoreboard.sv(105) @ 209: uvm_test_top.env.scb [COMPARE] Transaction Passed! ACT= 12, EXP= 12
UVM_INFO scoreboard.sv(105) @ 217: uvm_test_top.env.scb [COMPARE] Transaction Passed! ACT= 33, EXP= 33
UVM_INFO scoreboard.sv(105) @ 225: uvm_test_top.env.scb [COMPARE] Transaction Passed! ACT= 33, EXP= 33
UVM_INFO scoreboard.sv(105) @ 233: uvm_test_top.env.scb [COMPARE] Transaction Passed! ACT=  7, EXP=  7
UVM_INFO scoreboard.sv(105) @ 241: uvm_test_top.env.scb [COMPARE] Transaction Passed! ACT=  9, EXP=  9
UVM_INFO scoreboard.sv(105) @ 249: uvm_test_top.env.scb [COMPARE] Transaction Passed! ACT=  9, EXP=  9
UVM_INFO scoreboard.sv(105) @ 257: uvm_test_top.env.scb [COMPARE] Transaction Passed! ACT= 14, EXP= 14
UVM_INFO scoreboard.sv(105) @ 265: uvm_test_top.env.scb [COMPARE] Transaction Passed! ACT= 12, EXP= 12
UVM_INFO scoreboard.sv(105) @ 273: uvm_test_top.env.scb [COMPARE] Transaction Passed! ACT= 12, EXP= 12
UVM_INFO scoreboard.sv(105) @ 281: uvm_test_top.env.scb [COMPARE] Transaction Passed! ACT= 44, EXP= 44
UVM_INFO scoreboard.sv(105) @ 289: uvm_test_top.env.scb [COMPARE] Transaction Passed! ACT= 23, EXP= 23
UVM_INFO scoreboard.sv(105) @ 297: uvm_test_top.env.scb [COMPARE] Transaction Passed! ACT= 23, EXP= 23
UVM_INFO scoreboard.sv(105) @ 305: uvm_test_top.env.scb [COMPARE] Transaction Passed! ACT= 24, EXP= 24
UVM_INFO scoreboard.sv(105) @ 313: uvm_test_top.env.scb [COMPARE] Transaction Passed! ACT= 11, EXP= 11
UVM_INFO scoreboard.sv(105) @ 321: uvm_test_top.env.scb [COMPARE] Transaction Passed! ACT= 11, EXP= 11
UVM_INFO scoreboard.sv(105) @ 329: uvm_test_top.env.scb [COMPARE] Transaction Passed! ACT=  2, EXP=  2
UVM_INFO scoreboard.sv(105) @ 337: uvm_test_top.env.scb [COMPARE] Transaction Passed! ACT=  1, EXP=  1
UVM_INFO scoreboard.sv(105) @ 345: uvm_test_top.env.scb [COMPARE] Transaction Passed! ACT=  1, EXP=  1
UVM_INFO scoreboard.sv(105) @ 353: uvm_test_top.env.scb [COMPARE] Transaction Passed! ACT= 44, EXP= 44
UVM_INFO scoreboard.sv(105) @ 361: uvm_test_top.env.scb [COMPARE] Transaction Passed! ACT=  2, EXP=  2
UVM_INFO scoreboard.sv(105) @ 369: uvm_test_top.env.scb [COMPARE] Transaction Passed! ACT=  2, EXP=  2
UVM_INFO scoreboard.sv(105) @ 377: uvm_test_top.env.scb [COMPARE] Transaction Passed! ACT= 25, EXP= 25
UVM_INFO scoreboard.sv(105) @ 385: uvm_test_top.env.scb [COMPARE] Transaction Passed! ACT=  5, EXP=  5
UVM_INFO scoreboard.sv(105) @ 393: uvm_test_top.env.scb [COMPARE] Transaction Passed! ACT=  5, EXP=  5
UVM_INFO scoreboard.sv(105) @ 401: uvm_test_top.env.scb [COMPARE] Transaction Passed! ACT= 13, EXP= 13
UVM_INFO scoreboard.sv(105) @ 409: uvm_test_top.env.scb [COMPARE] Transaction Passed! ACT=  1, EXP=  1
UVM_INFO scoreboard.sv(105) @ 417: uvm_test_top.env.scb [COMPARE] Transaction Passed! ACT=  1, EXP=  1
UVM_INFO scoreboard.sv(105) @ 425: uvm_test_top.env.scb [COMPARE] Transaction Passed! ACT= 11, EXP= 11
UVM_INFO scoreboard.sv(105) @ 433: uvm_test_top.env.scb [COMPARE] Transaction Passed! ACT= 16, EXP= 16
UVM_INFO scoreboard.sv(105) @ 441: uvm_test_top.env.scb [COMPARE] Transaction Passed! ACT= 16, EXP= 16
UVM_INFO scoreboard.sv(105) @ 449: uvm_test_top.env.scb [COMPARE] Transaction Passed! ACT=  3, EXP=  3
UVM_INFO scoreboard.sv(105) @ 457: uvm_test_top.env.scb [COMPARE] Transaction Passed! ACT=  6, EXP=  6
UVM_INFO scoreboard.sv(105) @ 465: uvm_test_top.env.scb [COMPARE] Transaction Passed! ACT=  6, EXP=  6
UVM_INFO scoreboard.sv(105) @ 473: uvm_test_top.env.scb [COMPARE] Transaction Passed! ACT=105, EXP=105
UVM_INFO scoreboard.sv(105) @ 481: uvm_test_top.env.scb [COMPARE] Transaction Passed! ACT= 51, EXP= 51
UVM_INFO scoreboard.sv(105) @ 489: uvm_test_top.env.scb [COMPARE] Transaction Passed! ACT= 51, EXP= 51
UVM_INFO scoreboard.sv(105) @ 497: uvm_test_top.env.scb [COMPARE] Transaction Passed! ACT= 14, EXP= 14
UVM_INFO scoreboard.sv(105) @ 505: uvm_test_top.env.scb [COMPARE] Transaction Passed! ACT= 15, EXP= 15
UVM_INFO scoreboard.sv(105) @ 513: uvm_test_top.env.scb [COMPARE] Transaction Passed! ACT= 15, EXP= 15
UVM_INFO scoreboard.sv(105) @ 521: uvm_test_top.env.scb [COMPARE] Transaction Passed! ACT= 96, EXP= 96
UVM_INFO scoreboard.sv(105) @ 529: uvm_test_top.env.scb [COMPARE] Transaction Passed! ACT=  3, EXP=  3
UVM_INFO scoreboard.sv(105) @ 537: uvm_test_top.env.scb [COMPARE] Transaction Passed! ACT=  3, EXP=  3
UVM_INFO scoreboard.sv(105) @ 545: uvm_test_top.env.scb [COMPARE] Transaction Passed! ACT= 24, EXP= 24
UVM_INFO scoreboard.sv(105) @ 553: uvm_test_top.env.scb [COMPARE] Transaction Passed! ACT= 26, EXP= 26
UVM_INFO scoreboard.sv(105) @ 561: uvm_test_top.env.scb [COMPARE] Transaction Passed! ACT= 26, EXP= 26
UVM_INFO scoreboard.sv(105) @ 569: uvm_test_top.env.scb [COMPARE] Transaction Passed! ACT=  9, EXP=  9
UVM_INFO scoreboard.sv(105) @ 577: uvm_test_top.env.scb [COMPARE] Transaction Passed! ACT=  3, EXP=  3
UVM_INFO scoreboard.sv(105) @ 585: uvm_test_top.env.scb [COMPARE] Transaction Passed! ACT=  3, EXP=  3
UVM_INFO scoreboard.sv(105) @ 593: uvm_test_top.env.scb [COMPARE] Transaction Passed! ACT=  4, EXP=  4
UVM_INFO scoreboard.sv(105) @ 601: uvm_test_top.env.scb [COMPARE] Transaction Passed! ACT= 10, EXP= 10
UVM_INFO scoreboard.sv(105) @ 609: uvm_test_top.env.scb [COMPARE] Transaction Passed! ACT= 10, EXP= 10
UVM_INFO scoreboard.sv(105) @ 617: uvm_test_top.env.scb [COMPARE] Transaction Passed! ACT= 48, EXP= 48
UVM_INFO scoreboard.sv(105) @ 625: uvm_test_top.env.scb [COMPARE] Transaction Passed! ACT= 80, EXP= 80
UVM_INFO scoreboard.sv(105) @ 633: uvm_test_top.env.scb [COMPARE] Transaction Passed! ACT= 80, EXP= 80
UVM_INFO scoreboard.sv(105) @ 641: uvm_test_top.env.scb [COMPARE] Transaction Passed! ACT= 98, EXP= 98
UVM_INFO scoreboard.sv(105) @ 649: uvm_test_top.env.scb [COMPARE] Transaction Passed! ACT= 96, EXP= 96
UVM_INFO scoreboard.sv(105) @ 657: uvm_test_top.env.scb [COMPARE] Transaction Passed! ACT= 96, EXP= 96
UVM_INFO scoreboard.sv(105) @ 665: uvm_test_top.env.scb [COMPARE] Transaction Passed! ACT=  2, EXP=  2
UVM_INFO scoreboard.sv(105) @ 673: uvm_test_top.env.scb [COMPARE] Transaction Passed! ACT= 23, EXP= 23
UVM_INFO scoreboard.sv(105) @ 681: uvm_test_top.env.scb [COMPARE] Transaction Passed! ACT= 23, EXP= 23
UVM_INFO scoreboard.sv(105) @ 689: uvm_test_top.env.scb [COMPARE] Transaction Passed! ACT= 13, EXP= 13
UVM_INFO scoreboard.sv(105) @ 697: uvm_test_top.env.scb [COMPARE] Transaction Passed! ACT=  2, EXP=  2
UVM_INFO scoreboard.sv(105) @ 705: uvm_test_top.env.scb [COMPARE] Transaction Passed! ACT=  2, EXP=  2
UVM_INFO scoreboard.sv(105) @ 713: uvm_test_top.env.scb [COMPARE] Transaction Passed! ACT= 17, EXP= 17
UVM_INFO scoreboard.sv(105) @ 721: uvm_test_top.env.scb [COMPARE] Transaction Passed! ACT=  3, EXP=  3
UVM_INFO scoreboard.sv(105) @ 729: uvm_test_top.env.scb [COMPARE] Transaction Passed! ACT=  3, EXP=  3
UVM_INFO scoreboard.sv(105) @ 737: uvm_test_top.env.scb [COMPARE] Transaction Passed! ACT=104, EXP=104
UVM_INFO scoreboard.sv(105) @ 745: uvm_test_top.env.scb [COMPARE] Transaction Passed! ACT= 72, EXP= 72
UVM_INFO scoreboard.sv(105) @ 753: uvm_test_top.env.scb [COMPARE] Transaction Passed! ACT= 72, EXP= 72
UVM_INFO scoreboard.sv(105) @ 761: uvm_test_top.env.scb [COMPARE] Transaction Passed! ACT=  6, EXP=  6
UVM_INFO scoreboard.sv(105) @ 769: uvm_test_top.env.scb [COMPARE] Transaction Passed! ACT= 13, EXP= 13
UVM_INFO scoreboard.sv(105) @ 777: uvm_test_top.env.scb [COMPARE] Transaction Passed! ACT= 13, EXP= 13
UVM_INFO scoreboard.sv(105) @ 785: uvm_test_top.env.scb [COMPARE] Transaction Passed! ACT= 10, EXP= 10
UVM_INFO scoreboard.sv(105) @ 793: uvm_test_top.env.scb [COMPARE] Transaction Passed! ACT=  3, EXP=  3
UVM_INFO scoreboard.sv(105) @ 801: uvm_test_top.env.scb [COMPARE] Transaction Passed! ACT=  3, EXP=  3
UVM_INFO scoreboard.sv(105) @ 809: uvm_test_top.env.scb [COMPARE] Transaction Passed! ACT= 17, EXP= 17
UVM_INFO scoreboard.sv(105) @ 817: uvm_test_top.env.scb [COMPARE] Transaction Passed! ACT=153, EXP=153
UVM_INFO scoreboard.sv(105) @ 825: uvm_test_top.env.scb [COMPARE] Transaction Passed! ACT=153, EXP=153
UVM_INFO scoreboard.sv(105) @ 833: uvm_test_top.env.scb [COMPARE] Transaction Passed! ACT= 16, EXP= 16
UVM_INFO scoreboard.sv(105) @ 841: uvm_test_top.env.scb [COMPARE] Transaction Passed! ACT= 24, EXP= 24
UVM_INFO scoreboard.sv(105) @ 849: uvm_test_top.env.scb [COMPARE] Transaction Passed! ACT= 24, EXP= 24
UVM_INFO scoreboard.sv(105) @ 857: uvm_test_top.env.scb [COMPARE] Transaction Passed! ACT= 75, EXP= 75
UVM_INFO scoreboard.sv(105) @ 865: uvm_test_top.env.scb [COMPARE] Transaction Passed! ACT= 85, EXP= 85
UVM_INFO scoreboard.sv(105) @ 873: uvm_test_top.env.scb [COMPARE] Transaction Passed! ACT= 85, EXP= 85
UVM_INFO scoreboard.sv(105) @ 881: uvm_test_top.env.scb [COMPARE] Transaction Passed! ACT= 14, EXP= 14
UVM_INFO scoreboard.sv(105) @ 889: uvm_test_top.env.scb [COMPARE] Transaction Passed! ACT=  9, EXP=  9
UVM_INFO scoreboard.sv(105) @ 897: uvm_test_top.env.scb [COMPARE] Transaction Passed! ACT=  9, EXP=  9
UVM_INFO scoreboard.sv(105) @ 905: uvm_test_top.env.scb [COMPARE] Transaction Passed! ACT=  7, EXP=  7
UVM_INFO scoreboard.sv(105) @ 913: uvm_test_top.env.scb [COMPARE] Transaction Passed! ACT=  5, EXP=  5
UVM_INFO scoreboard.sv(105) @ 921: uvm_test_top.env.scb [COMPARE] Transaction Passed! ACT=  5, EXP=  5
UVM_INFO scoreboard.sv(105) @ 929: uvm_test_top.env.scb [COMPARE] Transaction Passed! ACT= 10, EXP= 10
UVM_INFO scoreboard.sv(105) @ 937: uvm_test_top.env.scb [COMPARE] Transaction Passed! ACT=  1, EXP=  1
UVM_INFO scoreboard.sv(105) @ 945: uvm_test_top.env.scb [COMPARE] Transaction Passed! ACT=  1, EXP=  1
UVM_INFO scoreboard.sv(105) @ 953: uvm_test_top.env.scb [COMPARE] Transaction Passed! ACT= 22, EXP= 22
UVM_INFO scoreboard.sv(105) @ 961: uvm_test_top.env.scb [COMPARE] Transaction Passed! ACT= 22, EXP= 22
UVM_INFO scoreboard.sv(105) @ 969: uvm_test_top.env.scb [COMPARE] Transaction Passed! ACT= 22, EXP= 22
UVM_INFO scoreboard.sv(105) @ 977: uvm_test_top.env.scb [COMPARE] Transaction Passed! ACT= 84, EXP= 84
UVM_INFO scoreboard.sv(105) @ 985: uvm_test_top.env.scb [COMPARE] Transaction Passed! ACT= 65, EXP= 65
UVM_INFO scoreboard.sv(105) @ 993: uvm_test_top.env.scb [COMPARE] Transaction Passed! ACT= 65, EXP= 65
UVM_INFO scoreboard.sv(105) @ 1001: uvm_test_top.env.scb [COMPARE] Transaction Passed! ACT= 10, EXP= 10
UVM_INFO scoreboard.sv(105) @ 1009: uvm_test_top.env.scb [COMPARE] Transaction Passed! ACT=  1, EXP=  1
UVM_INFO scoreboard.sv(105) @ 1017: uvm_test_top.env.scb [COMPARE] Transaction Passed! ACT=  1, EXP=  1
UVM_INFO scoreboard.sv(105) @ 1025: uvm_test_top.env.scb [COMPARE] Transaction Passed! ACT=  6, EXP=  6
UVM_INFO scoreboard.sv(105) @ 1033: uvm_test_top.env.scb [COMPARE] Transaction Passed! ACT= 13, EXP= 13
UVM_INFO scoreboard.sv(105) @ 1041: uvm_test_top.env.scb [COMPARE] Transaction Passed! ACT= 13, EXP= 13
UVM_INFO scoreboard.sv(105) @ 1049: uvm_test_top.env.scb [COMPARE] Transaction Passed! ACT= 10, EXP= 10
UVM_INFO scoreboard.sv(105) @ 1057: uvm_test_top.env.scb [COMPARE] Transaction Passed! ACT=  5, EXP=  5
UVM_INFO scoreboard.sv(105) @ 1065: uvm_test_top.env.scb [COMPARE] Transaction Passed! ACT=  5, EXP=  5
UVM_INFO scoreboard.sv(105) @ 1073: uvm_test_top.env.scb [COMPARE] Transaction Passed! ACT= 10, EXP= 10
UVM_INFO scoreboard.sv(105) @ 1081: uvm_test_top.env.scb [COMPARE] Transaction Passed! ACT=  9, EXP=  9
UVM_INFO scoreboard.sv(105) @ 1089: uvm_test_top.env.scb [COMPARE] Transaction Passed! ACT=  9, EXP=  9
UVM_INFO scoreboard.sv(105) @ 1097: uvm_test_top.env.scb [COMPARE] Transaction Passed! ACT= 60, EXP= 60
UVM_INFO scoreboard.sv(105) @ 1105: uvm_test_top.env.scb [COMPARE] Transaction Passed! ACT=  1, EXP=  1
UVM_INFO scoreboard.sv(105) @ 1113: uvm_test_top.env.scb [COMPARE] Transaction Passed! ACT=  1, EXP=  1
UVM_INFO scoreboard.sv(105) @ 1121: uvm_test_top.env.scb [COMPARE] Transaction Passed! ACT= 15, EXP= 15
UVM_INFO scoreboard.sv(105) @ 1129: uvm_test_top.env.scb [COMPARE] Transaction Passed! ACT= 25, EXP= 25
UVM_INFO scoreboard.sv(105) @ 1137: uvm_test_top.env.scb [COMPARE] Transaction Passed! ACT= 25, EXP= 25
UVM_INFO scoreboard.sv(105) @ 1145: uvm_test_top.env.scb [COMPARE] Transaction Passed! ACT= 17, EXP= 17
UVM_INFO scoreboard.sv(105) @ 1153: uvm_test_top.env.scb [COMPARE] Transaction Passed! ACT=  3, EXP=  3
UVM_INFO scoreboard.sv(105) @ 1161: uvm_test_top.env.scb [COMPARE] Transaction Passed! ACT=  3, EXP=  3
UVM_INFO scoreboard.sv(105) @ 1169: uvm_test_top.env.scb [COMPARE] Transaction Passed! ACT= 24, EXP= 24
UVM_INFO scoreboard.sv(105) @ 1177: uvm_test_top.env.scb [COMPARE] Transaction Passed! ACT=  4, EXP=  4
UVM_INFO scoreboard.sv(105) @ 1185: uvm_test_top.env.scb [COMPARE] Transaction Passed! ACT=  4, EXP=  4
UVM_INFO scoreboard.sv(105) @ 1193: uvm_test_top.env.scb [COMPARE] Transaction Passed! ACT= 17, EXP= 17
UVM_INFO scoreboard.sv(105) @ 1201: uvm_test_top.env.scb [COMPARE] Transaction Passed! ACT=110, EXP=110
UVM_INFO scoreboard.sv(105) @ 1209: uvm_test_top.env.scb [COMPARE] Transaction Passed! ACT=110, EXP=110
UVM_INFO /xcelium23.09/tools/methodology/UVM/CDNS-1.2/sv/src/base/uvm_objection.svh(1271) @ 1215: reporter [TEST_DONE] 'run' phase is ready to proceed to the 'extract' phase
UVM_INFO /xcelium23.09/tools/methodology/UVM/CDNS-1.2/sv/src/base/uvm_report_server.svh(847) @ 1215: reporter [UVM/REPORT/SERVER] 
--- UVM Report Summary ---

** Report counts by severity
UVM_INFO :  152
UVM_WARNING :    0
UVM_ERROR :    0
UVM_FATAL :    0
** Report counts by id
[COMPARE]   149
[RNTST]     1
[TEST_DONE]     1
[UVM/RELNOTES]     1

Simulation complete via $finish(1) at time 1215 NS + 59
/xcelium23.09/tools/methodology/UVM/CDNS-1.2/sv/src/base/uvm_root.svh:543     $finish;
xcelium> exit
TOOL:	xrun	23.09-s001: Exiting on Mar 30, 2025 at 16:35:08 EDT  (total: 00:00:09)
