xrun(64): 24.09-s001: (c) Copyright 1995-2024 Cadence Design Systems, Inc.
TOOL:	xrun(64)	24.09-s001: Started on Mar 31, 2025 at 17:30:59 -03
irun
	-access +r
	-uvm
	+uvm_set_config_int=*,recording_detail,1
	-coverage all
	-covoverwrite
	-DSYSTEM_CLOCK_UNITS_PER_SECOND=100 ./bvm/system_clock.c
	+incdir+./bvm
	./bvm/bvm_pkg.sv
	dut.sv
	interface.sv
	test_pkg.sv
	top.sv
	+UVM_VERBOSITY=HIGH

   User defined plus("+") options:
	+uvm_set_config_int=*,recording_detail,1
	+UVM_VERBOSITY=HIGH

xrun: *W,NCEXDEP: Executable (irun) is deprecated. Use (xrun) instead.
Recompiling... reason: file './dut.sv' is newer than expected.
	expected: Mon Mar 31 16:56:16 2025
	actual:   Mon Mar 31 17:30:46 2025
Compiling UVM packages (uvm_pkg.sv cdns_uvm_pkg.sv) using uvmhome location /home/tools/cadence/installs/XCELIUM2209/tools/methodology/UVM/CDNS-1.1d
file: dut.sv
	module worklib.dut:sv
		errors: 0, warnings: 0
file: interface.sv
	interface worklib.a_if:sv
		errors: 0, warnings: 0
file: test_pkg.sv
package test_pkg;
               |
xmvlog: *W,TSNSPK (test_pkg.sv,4|15): `timescale is not specified for the package.  The default timescale of 1ns/1ns will be assumed for this package.
	package worklib.test_pkg:sv
		errors: 0, warnings: 1
file: top.sv
      `ifdef INCA
                |
xmvlog: *W,SRCDEPR (top.sv,28|16): Indicated Source (INCA) is deprecated. Use (XCELIUM) instead.
	module worklib.top:sv
		errors: 0, warnings: 1
		Caching library 'worklib' ....... Done
	Elaborating the design hierarchy:
	Top level design units:
		uvm_pkg
		cdns_uvmapi
		cdns_assert2uvm_pkg
		cdns_uvm_pkg
		bvm_pkg
		test_pkg
		top

	Extracting FSMs for coverage:
		worklib.dut
		worklib.top
	Total FSMs extracted = 0
	Building instance overlay tables: .................... Done
	Enabling instrumentation for coverage types: block expression FSM toggle functional
xmelab: *W,COVDCL: By default expression coverage is scored only for Verilog logical operators (|| and &&) and VHDL logical operators (OR, AND, NOR, and NAND), and is scored only in condition expressions. To score coverage for other operators and for expressions in other statements, use the "set_expr_coverable_operators" and "set_expr_coverable_statements" coverage configuration file commands with suitable options at elaboration.
	Generating native compiled code:
		worklib.dut:sv <0x21986e82>
			streams:  15, words:  9408
		worklib.top:sv <0x224191c0>
			streams: 747, words: 790074
	Building instance specific data structures.
xmelab: *W,CGPIDF: Covergroup "per_instance" option , by default, is set as 0.
xmelab: *N,COVCGN: Coverage configuration file command "set_covergroup -new_instance_reporting" can be specified to improve the scoping and naming of covergroup instances. It may be noted that subsequent merging of a coverage database saved with this command and a coverage database saved without this command is not allowed.
	Loading native compiled code:     .................... Done
	Design hierarchy summary:
		                        Instances  Unique
		Modules:                        2       2
		Interfaces:                     2       1
		Verilog packages:               6       6
		Registers:                 14,179  10,253
		Scalar wires:                   7       -
		Vectored wires:                 2       -
		Named events:                   4      12
		Always blocks:                  2       2
		Initial blocks:               293     158
		Parallel blocks:               27      28
		Cont. assignments:              5       5
		Pseudo assignments:             2       -
		Assertions:                     6       6
		Covergroup Instances:           0       2
		SV Class declarations:        205     315
		SV Class specializations:     394     394
	Writing initial simulation snapshot: worklib.top:sv
Loading snapshot worklib.top:sv .................... Done
SVSEED default: 1
xcelium> source /home/tools/cadence/installs/XCELIUM2209/tools/xcelium/files/xmsimrc
xcelium> source /home/tools/cadence/installs/XCELIUM2209/tools/methodology/UVM/CDNS-1.1d/additions/sv/files/tcl/uvm_sim.tcl
xcelium> run
----------------------------------------------------------------
CDNS-UVM-1.1d (24.09-s001)
(C) 2007-2013 Mentor Graphics Corporation
(C) 2007-2013 Cadence Design Systems, Inc.
(C) 2006-2013 Synopsys, Inc.
(C) 2011-2013 Cypress Semiconductor Corp.
----------------------------------------------------------------

  ***********       IMPORTANT RELEASE NOTES         ************

  You are using a version of the UVM library that has been compiled
  with `UVM_NO_DEPRECATED undefined.
  See http://www.eda.org/svdb/view.php?id=3313 for more details.

  You are using a version of the UVM library that has been compiled
  with `UVM_OBJECT_MUST_HAVE_CONSTRUCTOR undefined.
  See http://www.eda.org/svdb/view.php?id=3770 for more details.

      (Specify +UVM_NO_RELNOTES to turn off this notice)

UVM_INFO @ 0: reporter [RNTST] Running test test...
UVM_INFO @ 0: reporter [UVM_CMDLINE_PROC] Applying config setting from the command line: +uvm_set_config_int=*,recording_detail,1
SDI/Verilog Transaction Recording Facility Version 24.09-s001
UVM_INFO ./bvm/bvm_cover.svh(60) @ 25: uvm_test_top.env_h.cover_out_h [coverage_out] Coverage: 50%       
UVM_INFO ./bvm/bvm_cover.svh(60) @ 25: uvm_test_top.env_h.cover_in_h [coverage_in] Coverage: 50%       
UVM_INFO ./bvm/bvm_comparator.svh(48) @ 45: uvm_test_top.env_h.comparator_h [Match] 
-----------------------------------
Name          Type      Size  Value
-----------------------------------
tr_out        a_tr      -     @4689
  a           integral  32    'd0  
  begin_time  time      64    35   
  initiator   refmod    -1    @3026
-----------------------------------

UVM_INFO ./bvm/bvm_comparator.svh(48) @ 95: uvm_test_top.env_h.comparator_h [Match] 
-----------------------------------
Name          Type      Size  Value
-----------------------------------
tr_out        a_tr      -     @4702
  a           integral  32    'd0  
  begin_time  time      64    85   
  initiator   refmod    -1    @3026
-----------------------------------

UVM_INFO ./bvm/bvm_cover.svh(60) @ 125: uvm_test_top.env_h.cover_out_h [coverage_out] Coverage: 50% steady
UVM_INFO ./bvm/bvm_cover.svh(60) @ 125: uvm_test_top.env_h.cover_in_h [coverage_in] Coverage: 50% steady
UVM_INFO ./bvm/bvm_comparator.svh(48) @ 145: uvm_test_top.env_h.comparator_h [Match] 
-----------------------------------
Name          Type      Size  Value
-----------------------------------
tr_out        a_tr      -     @4723
  a           integral  32    'd0  
  begin_time  time      64    135  
  initiator   refmod    -1    @3026
-----------------------------------

UVM_INFO @ 195: reporter [MISCMP] Miscompare for tr_out.a: lhs = 'h9 : rhs = 'h0
UVM_INFO @ 195: reporter [MISCMP] 1 Miscompare(s) for object tr@4727 vs. tr_out@4708
UVM_WARNING ./bvm/bvm_comparator.svh(53) @ 195: uvm_test_top.env_h.comparator_h [Mismatch] received
-----------------------------------
Name          Type      Size  Value
-----------------------------------
tr            a_tr      -     @4727
  a           integral  32    'd0  
  begin_time  time      64    175  
  initiator   monitor   -1    @4523
-----------------------------------
differs from expected
-----------------------------------
Name          Type      Size  Value
-----------------------------------
tr_out        a_tr      -     @4708
  a           integral  32    'd9  
  begin_time  time      64    185  
  initiator   refmod    -1    @3026
-----------------------------------

UVM_INFO ./bvm/bvm_comparator.svh(48) @ 245: uvm_test_top.env_h.comparator_h [Match] 
-----------------------------------
Name          Type      Size  Value
-----------------------------------
tr_out        a_tr      -     @4739
  a           integral  32    'd9  
  begin_time  time      64    235  
  initiator   refmod    -1    @3026
-----------------------------------

UVM_INFO ./bvm/bvm_comparator.svh(48) @ 295: uvm_test_top.env_h.comparator_h [Match] 
-----------------------------------
Name          Type      Size  Value
-----------------------------------
tr_out        a_tr      -     @4734
  a           integral  32    'd9  
  begin_time  time      64    285  
  initiator   refmod    -1    @3026
-----------------------------------

UVM_INFO ./bvm/bvm_comparator.svh(48) @ 345: uvm_test_top.env_h.comparator_h [Match] 
-----------------------------------
Name          Type      Size  Value
-----------------------------------
tr_out        a_tr      -     @4702
  a           integral  32    'd9  
  begin_time  time      64    335  
  initiator   refmod    -1    @3026
-----------------------------------

UVM_INFO @ 395: reporter [MISCMP] Miscompare for tr_out.a: lhs = 'h8 : rhs = 'h9
UVM_INFO @ 395: reporter [MISCMP] 1 Miscompare(s) for object tr@4699 vs. tr_out@4705
UVM_WARNING ./bvm/bvm_comparator.svh(53) @ 395: uvm_test_top.env_h.comparator_h [Mismatch] received
-----------------------------------
Name          Type      Size  Value
-----------------------------------
tr            a_tr      -     @4699
  a           integral  32    'd9  
  begin_time  time      64    375  
  initiator   monitor   -1    @4523
-----------------------------------
differs from expected
-----------------------------------
Name          Type      Size  Value
-----------------------------------
tr_out        a_tr      -     @4705
  a           integral  32    'd8  
  begin_time  time      64    385  
  initiator   refmod    -1    @3026
-----------------------------------

UVM_INFO ./bvm/bvm_comparator.svh(48) @ 445: uvm_test_top.env_h.comparator_h [Match] 
-----------------------------------
Name          Type      Size  Value
-----------------------------------
tr_out        a_tr      -     @4708
  a           integral  32    'd8  
  begin_time  time      64    435  
  initiator   refmod    -1    @3026
-----------------------------------

UVM_INFO ./bvm/bvm_comparator.svh(48) @ 495: uvm_test_top.env_h.comparator_h [Match] 
-----------------------------------
Name          Type      Size  Value
-----------------------------------
tr_out        a_tr      -     @4730
  a           integral  32    'd8  
  begin_time  time      64    485  
  initiator   refmod    -1    @3026
-----------------------------------

UVM_INFO ./bvm/bvm_comparator.svh(48) @ 545: uvm_test_top.env_h.comparator_h [Match] 
-----------------------------------
Name          Type      Size  Value
-----------------------------------
tr_out        a_tr      -     @4697
  a           integral  32    'd8  
  begin_time  time      64    535  
  initiator   refmod    -1    @3026
-----------------------------------

UVM_INFO @ 595: reporter [MISCMP] Miscompare for tr_out.a: lhs = 'hd : rhs = 'h8
UVM_INFO @ 595: reporter [MISCMP] 1 Miscompare(s) for object tr@4662 vs. tr_out@4734
UVM_WARNING ./bvm/bvm_comparator.svh(53) @ 595: uvm_test_top.env_h.comparator_h [Mismatch] received
-----------------------------------
Name          Type      Size  Value
-----------------------------------
tr            a_tr      -     @4662
  a           integral  32    'd8  
  begin_time  time      64    575  
  initiator   monitor   -1    @4523
-----------------------------------
differs from expected
-----------------------------------
Name          Type      Size  Value
-----------------------------------
tr_out        a_tr      -     @4734
  a           integral  32    'd13 
  begin_time  time      64    585  
  initiator   refmod    -1    @3026
-----------------------------------

UVM_INFO ./bvm/bvm_comparator.svh(48) @ 645: uvm_test_top.env_h.comparator_h [Match] 
-----------------------------------
Name          Type      Size  Value
-----------------------------------
tr_out        a_tr      -     @4703
  a           integral  32    'd13 
  begin_time  time      64    635  
  initiator   refmod    -1    @3026
-----------------------------------

UVM_INFO ./bvm/bvm_comparator.svh(48) @ 695: uvm_test_top.env_h.comparator_h [Match] 
-----------------------------------
Name          Type      Size  Value
-----------------------------------
tr_out        a_tr      -     @4729
  a           integral  32    'd13 
  begin_time  time      64    685  
  initiator   refmod    -1    @3026
-----------------------------------

UVM_INFO @ 745: reporter [MISCMP] Miscompare for tr_out.a: lhs = 'h6 : rhs = 'hd
UVM_INFO @ 745: reporter [MISCMP] 1 Miscompare(s) for object tr@4707 vs. tr_out@4737
UVM_WARNING ./bvm/bvm_comparator.svh(53) @ 745: uvm_test_top.env_h.comparator_h [Mismatch] received
-----------------------------------
Name          Type      Size  Value
-----------------------------------
tr            a_tr      -     @4707
  a           integral  32    'd13 
  begin_time  time      64    725  
  initiator   monitor   -1    @4523
-----------------------------------
differs from expected
-----------------------------------
Name          Type      Size  Value
-----------------------------------
tr_out        a_tr      -     @4737
  a           integral  32    'd6  
  begin_time  time      64    735  
  initiator   refmod    -1    @3026
-----------------------------------

UVM_INFO ./bvm/bvm_comparator.svh(48) @ 795: uvm_test_top.env_h.comparator_h [Match] 
-----------------------------------
Name          Type      Size  Value
-----------------------------------
tr_out        a_tr      -     @4738
  a           integral  32    'd6  
  begin_time  time      64    785  
  initiator   refmod    -1    @3026
-----------------------------------

UVM_INFO ./bvm/bvm_cover.svh(60) @ 825: uvm_test_top.env_h.cover_out_h [coverage_out] Coverage: 100%       
UVM_INFO ./bvm/bvm_cover.svh(60) @ 825: uvm_test_top.env_h.cover_in_h [coverage_in] Coverage: 100%       
UVM_INFO /home/tools/cadence/installs/XCELIUM2209/tools/methodology/UVM/CDNS-1.1d/sv/src/base/uvm_objection.svh(1268) @ 825: reporter [TEST_DONE] 'run' phase is ready to proceed to the 'extract' phase
UVM_INFO ./bvm/bvm_comparator.svh(87) @ 825: uvm_test_top.env_h.comparator_h [bvm_comparator #(a_tr)]          12 matches,           4 mismatches
UVM_INFO ./bvm/bvm_cover.svh(82) @ 825: uvm_test_top.env_h.cover_in_h [coverage_in] Coverage: 100%
UVM_INFO ./bvm/bvm_cover.svh(82) @ 825: uvm_test_top.env_h.cover_out_h [coverage_out] Coverage: 100%

--- UVM Report catcher Summary ---


Number of demoted UVM_FATAL reports  :    0
Number of demoted UVM_ERROR reports  :    0
Number of demoted UVM_WARNING reports:    0
Number of caught UVM_FATAL reports   :    0
Number of caught UVM_ERROR reports   :    0
Number of caught UVM_WARNING reports :    0

--- UVM Report Summary ---

** Report counts by severity
UVM_INFO :   32
UVM_WARNING :    4
UVM_ERROR :    0
UVM_FATAL :    0
** Report counts by id
[MISCMP]     8
[Match]    12
[Mismatch]     4
[RNTST]     1
[TEST_DONE]     1
[UVM_CMDLINE_PROC]     1
[bvm_comparator #(a_tr)]     1
[coverage_in]     4
[coverage_out]     4
Simulation complete via $finish(1) at time 825 NS + 45
/home/tools/cadence/installs/XCELIUM2209/tools/methodology/UVM/CDNS-1.1d/sv/src/base/uvm_root.svh:457     $finish;
xcelium> exit
xmsim: *N,COVCGN: Coverage configuration file command "set_covergroup -new_instance_reporting" can be specified to improve the scoping and naming of covergroup instances. It may be noted that subsequent merging of a coverage database saved with this command and a coverage database saved without this command is not allowed.

coverage setup:
  workdir  :  ./cov_work
  dutinst  :  top(top)
  scope    :  scope
  testname :  test

coverage files:
  model(design data) :  ./cov_work/scope/icc_095c22de_202dcb31.ucm (reused)
  data               :  ./cov_work/scope/test/icc_095c22de_202dcb31.ucd
TOOL:	xrun(64)	24.09-s001: Exiting on Mar 31, 2025 at 17:31:01 -03  (total: 00:00:02)
