xrun(64): 24.09-s001: (c) Copyright 1995-2024 Cadence Design Systems, Inc.
TOOL:	xrun(64)	24.09-s001: Started on Mar 31, 2025 at 14:18:43 -03
xrun
	-64bit
	sqrt_tb.sv
	sqrt.sv
file: sqrt_tb.sv
	module worklib.sqrt_int_tb:sv
		errors: 0, warnings: 0
file: sqrt.sv
	module worklib.sqrt_int:sv
		errors: 0, warnings: 0
		Caching library 'worklib' ....... Done
	Elaborating the design hierarchy:
	Top level design units:
		sqrt_int_tb
	Building instance overlay tables: .................... Done
	Generating native compiled code:
		worklib.sqrt_int:sv <0x1dc2fca6>
			streams:   5, words:  2698
		worklib.sqrt_int_tb:sv <0x48ae0a12>
			streams:  10, words: 10788
	Building instance specific data structures.
	Loading native compiled code:     .................... Done
	Design hierarchy summary:
		                 Instances  Unique
		Modules:                 2       2
		Registers:              19      19
		Scalar wires:            6       -
		Vectored wires:          5       -
		Always blocks:           3       3
		Initial blocks:          2       2
		Pseudo assignments:      7       -
		Process Clocks:          1       1
		Simulation timescale:  1ps
	Writing initial simulation snapshot: worklib.sqrt_int_tb:sv
Loading snapshot worklib.sqrt_int_tb:sv .................... Done
xcelium> source /home/tools/cadence/installs/XCELIUM2209/tools/xcelium/files/xmsimrc
xcelium> run
	                   0:	sqrt(  x) =  x (rem =  x) (V=x)
	                 100:	sqrt(  0) =  x (rem =  x) (V=0)
	                 140:	sqrt(  0) =  0 (rem =  0) (V=1)
	                 160:	sqrt(  1) =  0 (rem =  0) (V=0)
	                 200:	sqrt(  1) =  1 (rem =  0) (V=1)
	                 220:	sqrt(121) =  1 (rem =  0) (V=0)
	                 260:	sqrt(121) = 11 (rem =  0) (V=1)
	                 280:	sqrt( 81) = 11 (rem =  0) (V=0)
	                 320:	sqrt( 81) =  9 (rem =  0) (V=1)
	                 340:	sqrt( 90) =  9 (rem =  0) (V=0)
	                 380:	sqrt( 90) =  9 (rem =  9) (V=1)
	                 400:	sqrt(255) =  9 (rem =  9) (V=0)
	                 440:	sqrt(255) = 15 (rem = 30) (V=1)
Simulation complete via $finish(1) at time 460 NS + 0
./sqrt_tb.sv:56         #50     $finish;
xcelium> exit
TOOL:	xrun(64)	24.09-s001: Exiting on Mar 31, 2025 at 14:19:15 -03  (total: 00:00:32)
