Cadence Genus(TM) Synthesis Solution.
Copyright 2021 Cadence Design Systems, Inc. All rights reserved worldwide.
Cadence and the Cadence logo are registered trademarks and Genus is a trademark
of Cadence Design Systems, Inc. in the United States and other countries.

Version: 21.10-p002_1, built Fri Aug 20 06:13:13 PDT 2021
Options: 
Date:    Wed Mar 26 12:08:38 2025
Host:    cinova05.lesc.ufc.br (x86_64 w/Linux 4.18.0-553.44.1.el8_10.x86_64) (14cores*20cpus*1physical cpu*13th Gen Intel(R) Core(TM) i5-13500 24576KB) (32333792KB)
PID:     39730
OS:      Rocky Linux release 8.10 (Green Obsidian)

Checking out license: Genus_Synthesis


***********************************************************************************************************
***********************************************************************************************************



Loading tool scripts...
Finished loading tool scripts (5 seconds elapsed).

WARNING: This version of the tool is 1314 days old.
@genus:root: 1> set_attr
Error   : The tool is running in common ui mode. [TUI-509] [::unknown]
        : Command 'set_attr' is a legacy ui command.
        : Use set_db/get_db instead or do set_db common_ui false at start of the run.

Another Ctrl-C within 1 second will terminate the tool.
CURRENT RESOURCES: RT {elapsed: 14s, ST: 4s, FG: 4s, CPU: 42.7%}, MEM {curr: 1.1G, peak: 1.1G, phys curr: 0.3G, phys peak: 0.3G}, SYS {load: 0.5, cpu: 20, total: 30.8G, free: 15.3G}
Abnormal exit.
